// Jest Snapshot v1, https://goo.gl/fbAQLP

exports[`다크모드 버튼 클릭: Dark Mode After Second Click 1`] = `
<html
  lang="en"
>
  <head>
    <link
      href="/icon-192x192.png"
      rel="icon"
      sizes="192x192"
    />
    <link
      href="/icon-256x256.png"
      rel="icon"
      sizes="256x256"
    />
    <link
      href="/icon-384x384.png"
      rel="icon"
      sizes="384x384"
    />
    <link
      href="/icon-512x512.png"
      rel="icon"
      sizes="512x512"
    />
  </head>
  <body>
    <div
      class="container"
    >
      <button>
        다크모드 버튼
      </button>
    </div>
  </body>
</html>
`;

exports[`다크모드 버튼 클릭: Dark Mode Initial 1`] = `
<html
  lang="en"
>
  <head>
    <link
      href="/icon-192x192.png"
      rel="icon"
      sizes="192x192"
    />
    <link
      href="/icon-256x256.png"
      rel="icon"
      sizes="256x256"
    />
    <link
      href="/icon-384x384.png"
      rel="icon"
      sizes="384x384"
    />
    <link
      href="/icon-512x512.png"
      rel="icon"
      sizes="512x512"
    />
  </head>
  <body>
    <div
      class="container"
    >
      <button>
        다크모드 버튼
      </button>
    </div>
  </body>
</html>
`;

exports[`다크모드 버튼 클릭: Light Mode After Click 1`] = `
<html
  lang="en"
>
  <head>
    <link
      href="/icon-192x192.png"
      rel="icon"
      sizes="192x192"
    />
    <link
      href="/icon-256x256.png"
      rel="icon"
      sizes="256x256"
    />
    <link
      href="/icon-384x384.png"
      rel="icon"
      sizes="384x384"
    />
    <link
      href="/icon-512x512.png"
      rel="icon"
      sizes="512x512"
    />
  </head>
  <body>
    <div
      class="container"
    >
      <button>
        다크모드 버튼
      </button>
    </div>
  </body>
</html>
`;
